IGetEmailSent
IGetData
IDynamicTableController`1
IForbiddenEntityStore
IEntityStore`1
IPricingStrategyEntityStore`1
IHaveTempDirectory
IHaveLocalFileName
IHaveTemporaryPath
IHaveBeenDownloadedFromCloudToLocal
IProcessStripeInvoicePaymentFailedHandler
ILogoAssetSaver
IFileAssetLinker`1
IDynamicTableCommandExecutor`1
IDynamicTablesCompiler
IAreaDeleter
IResolveCloudKeys
IEmailVerificationService
IAccountRegistrationMaker
IAccountSetupService
IAccount
IArea
IEntity
IHaveAccountId
IHaveRange
IId
IMultiItem
IMultiRowEntity
IOrderableThreshold
IOrderedRow
IOrderedTable
IRecord
ISingleRowEntity
IStaticTable
IStaticTableRow
ITable
IDynamicTable`1
IMapToNew`2
IMapToPreExisting`2
