IGetEmailSent
IDynamicTableController`2
IForbiddenEntityStore
IEntityStore`1
IHaveTempDirectory
IHaveLocalFileName
IHaveTemporaryPath
IHaveBeenDownloadedFromCloudToLocal
IPricingStrategyTableCompiler
IPricingStrategyTableCommandExecutor`3
IResponseRetriever`1
IFileAssetLinker`1
IResolveCloudKeys
IPricingStrategyTableRowResource
IAccount
IEntity
IHaveAccountId
IHaveRange
IId
IMultiItem
IMultiRowEntity
IOrderableThreshold
IOrderedRow
IOrderedTable
IRecord
ISingleRowEntity
IStaticTable
IStaticTableRow
ITable
IPricingStrategyTable`1
IHaveAPrettyNameAndTableType
ICreatePricingStrategyTemplate`1
IMapToNew`2
IMapToPreExisting`2
IProcessStripeInvoicePaymentFailedHandler
IPricingStrategyTemplateCreator`1
IPalavyrClient
